// Jest Snapshot v1, https://goo.gl/fbAQLP

exports[`App component Should match snapshot 1`] = `
<div
  className="app"
>
  <div
    className="app__sort"
  >
    <Sort
      setOrderByASC={[Function]}
    />
  </div>
  <div
    className="app__data-source"
  >
    <DataSources
      setSource={[Function]}
      sources={
        Array [
          "fashion",
          "sport",
        ]
      }
    />
  </div>
  <div
    className="app__articles"
  />
</div>
`;
